PC    HEX       BINARY                               SOURCE
0000  40400000  0100_0000_0100_0000_0000_0000_0000_0000  LW    r1, 0(r0)
0001  40800001  0100_0000_1000_0000_0000_0000_0000_0001  LW    r2, 1(r0)
0002  40C00002  0100_0000_1100_0000_0000_0000_0000_0010  LW    r3, 2(r0)
0003  41000003  0100_0001_0000_0000_0000_0000_0000_0011  LW    r4, 3(r0)
0004  00000000  0000_0000_0000_0000_0000_0000_0000_0000  NOP
0005  0548C000  0000_0101_0100_1000_1100_0000_0000_0000  ADD   r5, r2, r3
0006  19908000  0001_1001_1001_0000_1000_0000_0000_0000  SLT   r6, r4, r2
0007  00000000  0000_0000_0000_0000_0000_0000_0000_0000  NOP
0008  00000000  0000_0000_0000_0000_0000_0000_0000_0000  NOP
0009  64180013  0110_0100_0001_1000_0000_0000_0001_0011  BNE   r6, r0, reject
0010  00000000  0000_0000_0000_0000_0000_0000_0000_0000  NOP
0011  00000000  0000_0000_0000_0000_0000_0000_0000_0000  NOP
0012  19C54000  0001_1001_1100_0101_0100_0000_0000_0000  SLT   r7, r1, r5
0013  00000000  0000_0000_0000_0000_0000_0000_0000_0000  NOP
0014  00000000  0000_0000_0000_0000_0000_0000_0000_0000  NOP
0015  641C000D  0110_0100_0001_1100_0000_0000_0000_1101  BNE   r7, r0, reject
0016  00000000  0000_0000_0000_0000_0000_0000_0000_0000  NOP
0017  00000000  0000_0000_0000_0000_0000_0000_0000_0000  NOP
0018  08454000  0000_1000_0100_0101_0100_0000_0000_0000  SUB   r1, r1, r5
0019  00000000  0000_0000_0000_0000_0000_0000_0000_0000  NOP
0020  00000000  0000_0000_0000_0000_0000_0000_0000_0000  NOP
0021  44400000  0100_0100_0100_0000_0000_0000_0000_0000  SW    r1, 0(r0)
0022  22000001  0010_0010_0000_0000_0000_0000_0000_0001  ADDI  r8, r0, 1
0023  1248C000  0001_0010_0100_1000_1100_0000_0000_0000  OR    r9, r2, r3
0024  1688C000  0001_0110_1000_1000_1100_0000_0000_0000  XOR   r10, r2, r3
0025  0EC8C000  0000_1110_1100_1000_1100_0000_0000_0000  AND   r11, r2, r3
0026  60000003  0110_0000_0000_0000_0000_0000_0000_0011  BEQ   r0, r0, done
0027  00000000  0000_0000_0000_0000_0000_0000_0000_0000  NOP
0028  00000000  0000_0000_0000_0000_0000_0000_0000_0000  NOP
0029  22000000  0010_0010_0000_0000_0000_0000_0000_0000  ADDI  r8, r0, 0
0030  00000000  0000_0000_0000_0000_0000_0000_0000_0000  NOP
